[deliciifeminine.framer.website/index.html]
[backblue.gif]
[fade.gif]
[index.html]
[framerusercontent.com/images/ZM1wm0WW3mOOuxmdUxSCwllE8g.png]
[framerusercontent.com/images/3n84DUfsSSWnZL8KBrRU4CKpeC4.png]
[framerusercontent.com/images/IghWijoGvU368b6j3AeZRkhA.jpg]
[deliciifeminine.framer.website/despre-mine.html]
[deliciifeminine.framer.website/contact.html]
[framerusercontent.com/images/REtbtsLDKfQdFAwvyivrd3ZBLI.jpg]
[framerusercontent.com/images/cah6Ftxu4ttxo4jHtokJBnbAD0.jpg]
[framerusercontent.com/images/7c2JsEDVFIjtbcFnvLvzQkeAito.gif]
[framerusercontent.com/images/l8414Esa2NRno62GqjABjxU5tMg.png]
[framerusercontent.com/images/7G55zj6eFcwmcbm50F5AophIg0c.png]
[framerusercontent.com/images/U799KypzQ1oX0LMDYJ6SQ9N7pY.jpg]
[framerusercontent.com/images/zyF6P5bO5iZsZt6Kv68BZDcLe8.png]
[deliciifeminine.framer.website/calendarul-feminitatii.html]
[framerusercontent.com/images/e1ydhq6lE1ndjlWEsYvMvyZAj1c.png]
[deliciifeminine.framer.website/produse/jurnal-pentru-suflet-de-femeie.html]
[framerusercontent.com/images/PXznEeFUWSGoJxevw1Y6of4JI6Q.png]
[deliciifeminine.framer.website/meditatie.html]
[framerusercontent.com/images/Do6h9dd2nyiOLYhyIWihFakk.png]
[framerusercontent.com/images/6QheERMsMwNN9PDpNj5gbaLfUlc.png]
[framerusercontent.com/images/HozBj2KR4tFVilzcAlRF0lPMHk.jpg]
[framerusercontent.com/images/EZvUClmLoIt3ExJDlUyFjR8NRrs.jpg]
[framerusercontent.com/images/ACWLUIToZWCZNZH9MYy53XLia4.png]
[framerusercontent.com/images/t3n3g5LL2AUK86M0SiF7kgs7Unw.png]
[framerusercontent.com/images/EdjL4l9DwCmyULbjTwoqlat9qw.png]
[framerusercontent.com/images/5dLFcrEtEUjZJDTZU9y9ZYa0dYM.png]
[framerusercontent.com/images/aZjcAAnmJLqx4BSYZM9CJk5JlOg.png]
[framerusercontent.com/images/EOgt1jotmNlXtpKxkxueMst3TE.png]
[framerusercontent.com/images/KznHv4IoQrRhtgDdFiFRSU3xsQ.png]
[framerusercontent.com/images/nRCDkYBkRhDjb7DjFBw8sPF9E.jpg]
[framerusercontent.com/images/uqz8MJqLfX49N0dGZYHk4ymZBNY.png]
[framerusercontent.com/images/ZRhEpUmcFhcji35E2vm43wyBQ.png]
[framerusercontent.com/images/XDwO9ikSyc4dLBfoOI6x9qxuhw0.png]
[deliciifeminine.framer.website/evenimente/retreat-weekend.html]
[framerusercontent.com/images/ZFf8Mdrfvu7m2hmbMjoGu4Oa0.png]
[deliciifeminine.framer.website/evenimente/workshop-reconectarea-cu-energia-femininÄ.22.delayed]
[framerusercontent.com/images/vmWTubvIQPKvuTPEnOxs8a74.png]
[deliciifeminine.framer.website/evenimente.html]
[framerusercontent.com/images/0xWHVRLjGzytqQjeKZMOMZAz8Ck.png]
[framerusercontent.com/images/I1M71Vn0cU2WuQDNgyBJdHmFrE.png]
[framerusercontent.com/images/5BobhdLSVoIcrDbq8gWp7yrYhIU.png]
[framerusercontent.com/images/KcfmSEilTwwKqgLv04ce3PipeWo.jpg]
[framerusercontent.com/images/5QaRkXpFhAqdh1QnDUQmz7EicI.png]
[framerusercontent.com/images/KFKBA1mjlbU25qf4KQ38WybUM.png]
[framerusercontent.com/images/YrWJ4p1JQfKHJdku3SuExir6b9w.png]
[framerusercontent.com/images/4pSZXhYrmmUWxr3xhBAyyNXrQA17f5.png]
[framerusercontent.com/images/RT7FkJ0Yzc6cwicv8icZ1kADVEQ.png]
[framerusercontent.com/images/u4ycYGLXSiNbedTQsXcZiOUfDM.png]
[deliciifeminine.framer.website/termeni.html]
[deliciifeminine.framer.website/servicii.html]
[deliciifeminine.framer.website/produse.html]
[deliciifeminine.framer.website/resurse-gratuite.html]
[framerusercontent.com/images/nC2RbazrexIdNTOdRp95dd4eBcobf23.png]
[deliciifeminine.framer.website/index.html]
[framerusercontent.com/images/NKCRsh6fotNH5RXpJxefjJKU6Q.png]
[framerusercontent.com/images/FxAMDWddgjAPtPJ4o0sNPwikck.png]
[framerusercontent.com/images/blMv7vTgqqK63oRiqga0Cz0MJuc.png]
[framerusercontent.com/images/7KWyP6wK1WQJUzoWYh9duyrA1Fs.png]
[framerusercontent.com/images/yYSxzF1892mpyhMuiPYTbNVjo.png]
[framerusercontent.com/images/5JAx2bqmypVc2XGzNc4mSJbClY.png]
[framerusercontent.com/images/hSlA4k0eSZxhz0ICxZapFCMkk.png]
[framerusercontent.com/images/AFxCgFJxXPplJVO7Kh5wF83M30.png]
[deliciifeminine.framer.website/despre-mine.html]
[framerusercontent.com/images/rq70JRVWJMl9Q25zxOV0IulHIYEbf23.png]
[deliciifeminine.framer.website/contact.html]
[framerusercontent.com/images/vzP6y9iUWZkZGLWo0Q83t1r26E.png]
[framerusercontent.com/images/jm3MtHAOERUWjSSIEqDTy1HpqnU.png]
[deliciifeminine.framer.website/calendarul-feminitatii.html]
[framerusercontent.com/images/bwuyxM7z3WjcZKRXBUOs3hAowFU.png]
[framerusercontent.com/images/mEucgUDis5Vh3Vf6qgzzsLRwMw.png]
[framerusercontent.com/images/7etOX6gq7zkW9ngjlE86EkaIM.png]
[framerusercontent.com/images/DsEcrj1Ajjy78CVZGmafszlbI.png]
[framerusercontent.com/images/WbfiTTqsorjGVLLScey7DfoDGfk.png]
[framerusercontent.com/images/SmuiQuIg5NcanzpbnE9MWMU4nw.png]
[framerusercontent.com/images/VInsTCVzoqkcFpXTt2oXx8uaqE.png]
[framerusercontent.com/images/DtqAsYLft6aeyxJHTniOnGorKhY.png]
[framerusercontent.com/images/p75DbkGF7trqByxpEgZYUrnhE.png]
[framerusercontent.com/images/rgdklUTblpMYCqNNwFxbXQTraTo.png]
[deliciifeminine.framer.website/produse/jurnal-pentru-suflet-de-femeie.html]
[framerusercontent.com/images/Y8ywBsHmnugoQcBR3kEThdWil3M.png]
[framerusercontent.com/images/coUQoiLgIQ1buLBn2iHYq2b5fI.png]
[framerusercontent.com/images/XBEm5ISQnEKO2uqcbhzXTYw15Zw.png]
[deliciifeminine.framer.website/meditatie.html]
[deliciifeminine.framer.website/evenimente/retreat-weekend.html]
[deliciifeminine.framer.website/evenimente/workshop-reconectarea-cu-energia-femininÄ.html]
[deliciifeminine.framer.website/evenimente.html]
[deliciifeminine.framer.website/termeni.html]
[deliciifeminine.framer.website/servicii/terapie-individuala.html]
[framerusercontent.com/images/lY3uf8TN2MDfjIPv37anl0wHZw.png]
[deliciifeminine.framer.website/servicii/terapie-de-cuplu.html]
[framerusercontent.com/images/FBjQrQZURQxot8mTwxdx2ThXhZg.png]
[deliciifeminine.framer.website/servicii.html]
[deliciifeminine.framer.website/produse.html]
[framerusercontent.com/assets/3n84DUfsSSWnZL8KBrRU4CKpeC4.png]
[framerusercontent.com/images/4pSZXhYrmmUWxr3xhBAyyNXrQA.png]
[framerusercontent.com/images/DTeYGgNF2NGtoVQC2G6BKlcr68.png]
[framerusercontent.com/images/nJ1NquY17vxKoVaoZHqobi8fdM.png]
[deliciifeminine.framer.website/resurse-gratuite.html]
[framerusercontent.com/images/xYLPMzqmUdjsWeYvfsdbTWGnGg.png]
[deliciifeminine.framer.website/servicii/terapie-individuala.html]
[framerusercontent.com/images/4yWxtYNYTHbE8WqxcoqMxfKjOM.png]
[deliciifeminine.framer.website/servicii/terapie-de-cuplu.html]
